[DEBUG] [EventBus] getStats(): {"events":9,"totalListeners":9,"listenersPerEvent":[{"event":"AGENT_REGISTERED","count":1},{"event":"AGENT_TASK_STARTED","count":1},{"event":"AGENT_TASK_COMPLETED","count":1},{"event":"AGENT_TASK_FAILED","count":1},{"event":"AGENT_TASK_TIMEOUT","count":1},{"event":"AGENT_TASK_CANCELLED","count":1},{"event":"SYSTEM_MONITOR_SNAPSHOT","count":1},{"event":"AGENT_HEALTH_CRITICAL","count":
